> Task :FtcRobotController:preBuild UP-TO-DATE
> Task :FtcRobotController:preDebugBuild UP-TO-DATE
> Task :FtcRobotController:mergeDebugJniLibFolders UP-TO-DATE
> Task :FtcRobotController:mergeDebugNativeLibs NO-SOURCE
> Task :FtcRobotController:stripDebugDebugSymbols NO-SOURCE
> Task :FtcRobotController:copyDebugJniLibsProjectAndLocalJars UP-TO-DATE
> Task :FtcRobotController:generateDebugBuildConfig
> Task :FtcRobotController:generateDebugResValues UP-TO-DATE
> Task :FtcRobotController:generateDebugResources UP-TO-DATE
> Task :FtcRobotController:packageDebugResources UP-TO-DATE
> Task :FtcRobotController:parseDebugLocalResources UP-TO-DATE
> Task :FtcRobotController:generateDebugRFile UP-TO-DATE
> Task :FtcRobotController:extractDebugAnnotations
> Task :FtcRobotController:extractDeepLinksForAarDebug UP-TO-DATE
> Task :FtcRobotController:javaPreCompileDebug UP-TO-DATE

> Task :FtcRobotController:compileDebugJavaWithJavac
Java compiler version 21 has deprecated support for compiling with source/target version 8.
Try one of the following options:
    1. [Recommended] Use Java toolchain with a lower language version
    2. Set a higher source/target version
    3. Use a lower version of the JDK running the build (if you're not using Java toolchain)
For more details on how to configure these settings, see https://developer.android.com/build/jdks.
To suppress this warning, set android.javaCompile.suppressSourceTargetDeprecationWarning=true in gradle.properties.
.\gradlew : warning: [options] source value 8 is obsolete and will be removed in a future release
At line:1 char:1
+ .\gradlew assembleDebug 2>&1 | Tee-Object -FilePath "build_output.txt ...
+ ~~~~~~~~~~~~~~~~~~~~~~~~~~~~
    + CategoryInfo          : NotSpecified: (warning: [optio... future release:String) [], RemoteException
    + FullyQualifiedErrorId : NativeCommandError
 
warning: [options] target value 8 is obsolete and will be removed in a future release
warning: [options] To suppress warnings about obsolete options, use -Xlint:-options.
Note: C:\Users\gigab\Documents\git\Decode\Decode\FtcRobotController\src\main\java\org\firstinspires\ftc\robotcontroller\internal\FtcRobotControllerActivity.java uses or overrides a deprecated API.
Note: Recompile with -Xlint:deprecation for details.
3 warnings

> Task :FtcRobotController:mergeDebugGeneratedProguardFiles UP-TO-DATE
> Task :FtcRobotController:mergeDebugConsumerProguardFiles UP-TO-DATE
> Task :FtcRobotController:mergeDebugShaders UP-TO-DATE
> Task :FtcRobotController:compileDebugShaders NO-SOURCE
> Task :FtcRobotController:generateDebugAssets UP-TO-DATE
> Task :FtcRobotController:packageDebugAssets UP-TO-DATE
> Task :FtcRobotController:prepareDebugArtProfile UP-TO-DATE
> Task :FtcRobotController:prepareLintJarForPublish UP-TO-DATE
> Task :FtcRobotController:processDebugManifest UP-TO-DATE
> Task :FtcRobotController:processDebugJavaRes NO-SOURCE
> Task :FtcRobotController:mergeDebugJavaResource UP-TO-DATE
> Task :FtcRobotController:syncDebugLibJars
> Task :FtcRobotController:writeDebugAarMetadata UP-TO-DATE
> Task :FtcRobotController:bundleDebugAar
> Task :FtcRobotController:assembleDebug
> Task :TeamCode:preBuild UP-TO-DATE
> Task :TeamCode:preDebugBuild UP-TO-DATE
> Task :TeamCode:mergeDebugNativeDebugMetadata NO-SOURCE
> Task :TeamCode:javaPreCompileDebug UP-TO-DATE
> Task :FtcRobotController:compileDebugLibraryResources UP-TO-DATE
> Task :FtcRobotController:bundleLibCompileToJarDebug
> Task :TeamCode:checkDebugAarMetadata UP-TO-DATE
> Task :TeamCode:generateDebugResValues UP-TO-DATE
> Task :TeamCode:mapDebugSourceSetPaths UP-TO-DATE
> Task :TeamCode:generateDebugResources UP-TO-DATE
> Task :TeamCode:mergeDebugResources UP-TO-DATE
> Task :TeamCode:createDebugCompatibleScreenManifests UP-TO-DATE
> Task :FtcRobotController:extractDeepLinksDebug UP-TO-DATE
> Task :TeamCode:extractDeepLinksDebug UP-TO-DATE
> Task :TeamCode:processDebugMainManifest UP-TO-DATE
> Task :TeamCode:processDebugManifest UP-TO-DATE
> Task :TeamCode:processDebugManifestForPackage UP-TO-DATE
> Task :TeamCode:processDebugResources UP-TO-DATE

> Task :TeamCode:compileDebugJavaWithJavac
Java compiler version 21 has deprecated support for compiling with source/target version 8.
Try one of the following options:
    1. [Recommended] Use Java toolchain with a lower language version
    2. Set a higher source/target version
    3. Use a lower version of the JDK running the build (if you're not using Java toolchain)
For more details on how to configure these settings, see https://developer.android.com/build/jdks.
To suppress this warning, set android.javaCompile.suppressSourceTargetDeprecationWarning=true in gradle.properties.
warning: [options] source value 8 is obsolete and will be removed in a future release
warning: [options] target value 8 is obsolete and will be removed in a future release
warning: [options] To suppress warnings about obsolete options, use -Xlint:-options.
3 warnings

> Task :TeamCode:mergeDebugShaders UP-TO-DATE
> Task :TeamCode:compileDebugShaders NO-SOURCE
> Task :TeamCode:generateDebugAssets UP-TO-DATE
> Task :TeamCode:mergeDebugAssets UP-TO-DATE
> Task :TeamCode:compressDebugAssets UP-TO-DATE
> Task :TeamCode:processDebugJavaRes
> Task :TeamCode:mergeDebugJavaResource UP-TO-DATE
> Task :TeamCode:checkDebugDuplicateClasses UP-TO-DATE
> Task :TeamCode:desugarDebugFileDependencies UP-TO-DATE
> Task :TeamCode:mergeExtDexDebug UP-TO-DATE
> Task :FtcRobotController:bundleLibRuntimeToDirDebug
> Task :TeamCode:dexBuilderDebug
> Task :FtcRobotController:copyDebugJniLibsProjectOnly UP-TO-DATE
> Task :TeamCode:mergeDebugJniLibFolders UP-TO-DATE
> Task :TeamCode:mergeDebugNativeLibs UP-TO-DATE
> Task :TeamCode:stripDebugDebugSymbols UP-TO-DATE
> Task :TeamCode:validateSigningDebug UP-TO-DATE
> Task :TeamCode:writeDebugAppMetadata UP-TO-DATE
> Task :TeamCode:writeDebugSigningConfigVersions UP-TO-DATE
> Task :TeamCode:mergeProjectDexDebug
> Task :TeamCode:mergeLibDexDebug
> Task :TeamCode:packageDebug
> Task :TeamCode:createDebugApkListingFileRedirect
> Task :TeamCode:assembleDebug

BUILD SUCCESSFUL in 10s
60 actionable tasks: 14 executed, 46 up-to-date
